
> my-app@0.0.0 build
> tsc -b && vite build

src/admin/Clients.tsx(2,18): error TS6133: 'Filter' is declared but its value is never read.
src/admin/Clients.tsx(2,26): error TS6133: 'Download' is declared but its value is never read.
src/admin/Clients.tsx(2,36): error TS6133: 'Plus' is declared but its value is never read.
src/admin/Clients.tsx(2,42): error TS6133: 'Mail' is declared but its value is never read.
src/admin/Clients.tsx(2,48): error TS6133: 'Phone' is declared but its value is never read.
src/admin/Clients.tsx(2,55): error TS6133: 'Calendar' is declared but its value is never read.
src/admin/Clients.tsx(2,65): error TS6133: 'Building2' is declared but its value is never read.
src/admin/Clients.tsx(2,76): error TS6133: 'MapPin' is declared but its value is never read.
src/admin/Clients.tsx(2,84): error TS6133: 'CheckCircle2' is declared but its value is never read.
src/admin/Clients.tsx(2,98): error TS6133: 'AlertCircle' is declared but its value is never read.
src/admin/Clients.tsx(2,111): error TS6133: 'FileText' is declared but its value is never read.
src/admin/Clients.tsx(2,121): error TS6133: 'Upload' is declared but its value is never read.
src/admin/CRM.tsx(2,154): error TS6133: 'MoreVertical' is declared but its value is never read.
src/admin/HR.tsx(2,10): error TS6133: 'Search' is declared but its value is never read.
src/admin/HR.tsx(2,18): error TS6133: 'Filter' is declared but its value is never read.
src/admin/HR.tsx(2,26): error TS6133: 'Download' is declared but its value is never read.
src/admin/HR.tsx(2,36): error TS6133: 'Plus' is declared but its value is never read.
src/admin/HR.tsx(2,42): error TS6133: 'Mail' is declared but its value is never read.
src/admin/HR.tsx(2,55): error TS6133: 'Calendar' is declared but its value is never read.
src/admin/HR.tsx(2,76): error TS6133: 'MapPin' is declared but its value is never read.
src/admin/HR.tsx(2,98): error TS6133: 'AlertCircle' is declared but its value is never read.
src/admin/HR.tsx(2,129): error TS6133: 'Star' is declared but its value is never read.
src/admin/HR.tsx(2,135): error TS6133: 'MessageSquare' is declared but its value is never read.
src/admin/HR.tsx(2,165): error TS6133: 'MessageCircle' is declared but its value is never read.
src/components/ui/WhatsAppOTPVerification.tsx(23,10): error TS6133: 'verified' is declared but its value is never read.
