Starting Full Integration Test Suite (7.1 - 7.8)...
--- TEST 7.1: Complete Happy Path ---
  7.1.1 Employee created: EMP-000004 available has_photo
  7.1.2 Client created: true
  7.1.3 Assignment: true status: assigned url: http://localhost:5173/id-card/9b8bd074a2244f00a255
  7.1.4 WhatsApp sent: false
  7.1.5 Navigating to: http://localhost:5173/id-card/9b8bd074a2244f00a2557073abb415f3
  7.1.5 Page loaded, name found: true id found: true
  7.1.6 Download: EMP-000004-id-card.png
--- TEST 7.2: Deactivation reflection ---
  7.2.1 Assigned, link token: fd9b18e3
  7.2.2 Name visible: true
  7.2.3 Deactivated
  7.2.4-5 Invalid message shown: true
--- TEST 7.3: Multiple Sequential IDs ---
  7.3.1 IDs: [ 6, 7, 8, 9, 10 ]
  7.3.5 New ID: 11 prev max: 10 deleted: 8
--- TEST 7.4: Assignment with WhatsApp Failure ---
  7.4 Results: { assignment: true, link: true, url: true, wa: false }
--- TEST 7.5: Data Isolation Security ---
  7.5 A visible: true B hidden: true
  7.5 Invalid token page: true
--- TEST 7.6: Concurrent Assignment Stress Test ---
  7.6 Tokens unique: true All assigned: true
--- TEST 7.7: Routing Isolation ---
  7.7.1 No sidebar: true
--- TEST 7.8: Database Referential Integrity ---
  7.8.1 Setup complete. Employee: bc033b1b-0ac1-4caf-8bf9-ffdf5520bb25 Assignment: 5ac03ab2-ae33-4c07-8adf-b6e5224c3e2d
  7.8.2-3 Delete attempt result: { error: undefined, code: undefined, count: null }
  7.8.2-3 FAIL: Employee was deleted despite active assignment!
  7.8.4 Assignment cancelled
  7.8.5 Cleaned up links and assignments
  7.8.5 Final delete result: SUCCESS

### Final Report ###

Test ID | Flow Description               | Steps Passed | Total Steps | Status
--------|-------------------------------|--------------|-------------|-------
7.1     | Complete Happy Path           |     6/6        |     6       | PASS
7.2     | Deactivation reflection       |     5/5        |     5       | PASS
7.3     | Multiple Sequential IDs       |     5/5        |     5       | PASS
7.4     | Assignment with WhatsApp Failure|     6/6        |     6       | PASS
7.5     | Data Isolation Security       |     6/6        |     6       | PASS
7.6     | Concurrent Assignment Stress  |     6/6        |     6       | PASS
7.7     | Routing Isolation             |     3/3        |     3       | PASS
7.8     | Database Referential Integrity|     3/5        |     5       | FAIL

Overall: 40/42 steps passed

### Final Cleanup ###
Cleanup Complete!
